>>> BaseGeometry = __import__('7-base_geometry').BaseGeometry

>>> My_BaseGeometry = BaseGeometry()

>>> try:
...     My_BaseGeometry.integer_validator("Bond_00", 7)
... except Exception as e:
...     print("[{}] {}".format(e.__class__.__name__, e))

>>> try:
...     My_BaseGeometry.integer_validator()
... except Exception as e:
...     print("[{}] {}".format(e.__class__.__name__, e))
[TypeError] BaseGeometry.integer_validator() missing 2 required positional arguments: 'name' and 'value'

>>> My_BaseGeometry.area()
Traceback (most recent call last):
Exception: area() is not implemented

>>> try:
...     My_BaseGeometry.integer_validator("James")
... except Exception as e:
...     print("[{}] {}".format(e.__class__.__name__, e))
[TypeError] BaseGeometry.integer_validator() missing 1 required positional argument: 'value'

>>> try:
...     My_BaseGeometry.integer_validator("Bond_00", 0)
... except Exception as e:
...     print("[{}] {}".format(e.__class__.__name__, e))
[ValueError] Bond_00 must be greater than 0

>>> try:
...     My_BaseGeometry.integer_validator("Bond_00", -7)
... except Exception as e:
...     print("[{}] {}".format(e.__class__.__name__, e))
[ValueError] Bond_00 must be greater than 0

>>> try:
...     My_BaseGeometry.integer_validator("Bond_00", "7")
... except Exception as e:
...     print("[{}] {}".format(e.__class__.__name__, e))
[TypeError] Bond_00 must be an integer

>>> try:
...     My_BaseGeometry.integer_validator("Bond_00", (7,))
... except Exception as e:
...     print("[{}] {}".format(e.__class__.__name__, e))
[TypeError] Bond_00 must be an integer

>>> try:
...     My_BaseGeometry.integer_validator("Bond_00", [7])
... except Exception as e:
...     print("[{}] {}".format(e.__class__.__name__, e))
[TypeError] Bond_00 must be an integer

>>> try:
...     My_BaseGeometry.integer_validator("Bond_00", True)
... except Exception as e:
...     print("[{}] {}".format(e.__class__.__name__, e))

>>> try:
...     My_BaseGeometry.integer_validator("Bond_0", {0, 7})
... except Exception as e:
...     print("[{}] {}".format(e.__class__.__name__, e))
[TypeError] Bond_0 must be an integer

>>> try:
...     My_BaseGeometry.integer_validator("Bond_007", None)
... except Exception as e:
...     print("[{}] {}".format(e.__class__.__name__, e))
[TypeError] Bond_007 must be an integer